src/api/index.ts(2,10): error TS1484: 'User' is a type and must be imported using a type-only import when 'verbatimModuleSyntax' is enabled.
src/api/index.ts(2,16): error TS1484: 'Company' is a type and must be imported using a type-only import when 'verbatimModuleSyntax' is enabled.
src/components/ApprovalTimeline.tsx(37,9): error TS6133: 'hasManagerGate' is declared but its value is never read.
src/components/ApprovalTimeline.tsx(86,15): error TS6133: 'approvedActions' is declared but its value is never read.
src/components/ApprovalTimeline.tsx(87,15): error TS6133: 'rejectedActions' is declared but its value is never read.
src/components/ui/Badges.tsx(1,10): error TS1484: 'ExpenseStatus' is a type and must be imported using a type-only import when 'verbatimModuleSyntax' is enabled.
src/components/ui/Badges.tsx(1,25): error TS1484: 'Role' is a type and must be imported using a type-only import when 'verbatimModuleSyntax' is enabled.
src/pages/admin/FlowBuilderPage.tsx(7,10): error TS1484: 'FlowStepForm' is a type and must be imported using a type-only import when 'verbatimModuleSyntax' is enabled.
src/pages/admin/FlowBuilderPage.tsx(7,24): error TS1484: 'RuleType' is a type and must be imported using a type-only import when 'verbatimModuleSyntax' is enabled.
src/pages/admin/FlowBuilderPage.tsx(7,34): error TS1484: 'User' is a type and must be imported using a type-only import when 'verbatimModuleSyntax' is enabled.
src/pages/admin/FlowBuilderPage.tsx(9,1): error TS6133: 'RuleTypeBadge' is declared but its value is never read.
src/pages/admin/FlowsPage.tsx(7,10): error TS1484: 'ApprovalFlow' is a type and must be imported using a type-only import when 'verbatimModuleSyntax' is enabled.
src/pages/admin/UsersPage.tsx(6,10): error TS1484: 'User' is a type and must be imported using a type-only import when 'verbatimModuleSyntax' is enabled.
src/pages/approvals/ApprovalDetailPage.tsx(8,10): error TS1484: 'Expense' is a type and must be imported using a type-only import when 'verbatimModuleSyntax' is enabled.
src/pages/approvals/ApprovalsListPage.tsx(5,10): error TS1484: 'Expense' is a type and must be imported using a type-only import when 'verbatimModuleSyntax' is enabled.
src/pages/dashboard/DashboardPage.tsx(7,10): error TS1484: 'Expense' is a type and must be imported using a type-only import when 'verbatimModuleSyntax' is enabled.
src/pages/dashboard/DashboardPage.tsx(43,41): error TS6133: 'allLoading' is declared but its value is never read.
src/pages/expenses/ExpenseDetailPage.tsx(2,34): error TS6133: 'Link' is declared but its value is never read.
src/pages/expenses/ExpenseDetailPage.tsx(5,21): error TS6133: 'Download' is declared but its value is never read.
src/pages/expenses/ExpenseDetailPage.tsx(8,10): error TS1484: 'Expense' is a type and must be imported using a type-only import when 'verbatimModuleSyntax' is enabled.
src/pages/expenses/ExpenseDetailPage.tsx(9,22): error TS6133: 'Spinner' is declared but its value is never read.
src/pages/expenses/ExpenseListPage.tsx(3,33): error TS6133: 'Filter' is declared but its value is never read.
src/pages/expenses/ExpenseListPage.tsx(6,10): error TS1484: 'Expense' is a type and must be imported using a type-only import when 'verbatimModuleSyntax' is enabled.
src/pages/expenses/ExpenseListPage.tsx(6,19): error TS1484: 'ExpenseStatus' is a type and must be imported using a type-only import when 'verbatimModuleSyntax' is enabled.
src/pages/expenses/NewExpensePage.tsx(9,10): error TS1484: 'CurrencyOption' is a type and must be imported using a type-only import when 'verbatimModuleSyntax' is enabled.
src/pages/expenses/NewExpensePage.tsx(131,9): error TS6133: 'selectedCurrency' is declared but its value is never read.
src/store/authStore.ts(3,10): error TS1484: 'User' is a type and must be imported using a type-only import when 'verbatimModuleSyntax' is enabled.
src/store/authStore.ts(3,16): error TS1484: 'Company' is a type and must be imported using a type-only import when 'verbatimModuleSyntax' is enabled.
